
> productivity++@1.0.0 build
> webpack --config webpack.config.js

assets by status 6.22 KiB [1m[32m[cached][39m[22m 11 assets
[1m./src/popup/index.tsx[39m[22m 39 bytes [1m[33m[built][39m[22m [1m[33m[code generated][39m[22m
[1m./src/options/index.tsx[39m[22m 39 bytes [1m[33m[built][39m[22m [1m[33m[code generated][39m[22m
[1m./src/newtab/index.tsx[39m[22m 39 bytes [1m[33m[built][39m[22m [1m[33m[code generated][39m[22m
[1m./src/blocked/index.tsx[39m[22m 39 bytes [1m[33m[built][39m[22m [1m[33m[code generated][39m[22m
[1m./src/background/service-worker.ts[39m[22m 39 bytes [1m[33m[built][39m[22m [1m[33m[code generated][39m[22m
[1m./src/content/blocker.ts[39m[22m 39 bytes [1m[33m[built][39m[22m [1m[33m[code generated][39m[22m

[1m[31mERROR[39m[22m in [1m./src/background/service-worker.ts[39m[22m
[1mModule build [1m[31mfailed[39m[22m[1m (from ./node_modules/ts-loader/index.js):
[1m[31mError[39m[22m[1m: TypeScript emitted no output for C:\Users\chint\Desktop\GPP\a multi-feature Chrome extension using Manifest V3\src\background\service-worker.ts.
    at makeSourceMapAndFinish (C:\Users\chint\Desktop\GPP\a multi-feature Chrome extension using Manifest V3\node_modules\ts-loader\dist\index.js:55:18)
    at successLoader (C:\Users\chint\Desktop\GPP\a multi-feature Chrome extension using Manifest V3\node_modules\ts-loader\dist\index.js:42:5)
    at Object.loader (C:\Users\chint\Desktop\GPP\a multi-feature Chrome extension using Manifest V3\node_modules\ts-loader\dist\index.js:23:5)[39m[22m

[1m[31mERROR[39m[22m in [1m./src/blocked/index.tsx[39m[22m
[1mModule build [1m[31mfailed[39m[22m[1m (from ./node_modules/ts-loader/index.js):
[1m[31mError[39m[22m[1m: TypeScript emitted no output for C:\Users\chint\Desktop\GPP\a multi-feature Chrome extension using Manifest V3\src\blocked\index.tsx.
    at makeSourceMapAndFinish (C:\Users\chint\Desktop\GPP\a multi-feature Chrome extension using Manifest V3\node_modules\ts-loader\dist\index.js:55:18)
    at successLoader (C:\Users\chint\Desktop\GPP\a multi-feature Chrome extension using Manifest V3\node_modules\ts-loader\dist\index.js:42:5)
    at Object.loader (C:\Users\chint\Desktop\GPP\a multi-feature Chrome extension using Manifest V3\node_modules\ts-loader\dist\index.js:23:5)[39m[22m

[1m[31mERROR[39m[22m in [1m./src/content/blocker.ts[39m[22m
[1mModule build [1m[31mfailed[39m[22m[1m (from ./node_modules/ts-loader/index.js):
[1m[31mError[39m[22m[1m: TypeScript emitted no output for C:\Users\chint\Desktop\GPP\a multi-feature Chrome extension using Manifest V3\src\content\blocker.ts.
    at makeSourceMapAndFinish (C:\Users\chint\Desktop\GPP\a multi-feature Chrome extension using Manifest V3\node_modules\ts-loader\dist\index.js:55:18)
    at successLoader (C:\Users\chint\Desktop\GPP\a multi-feature Chrome extension using Manifest V3\node_modules\ts-loader\dist\index.js:42:5)
    at Object.loader (C:\Users\chint\Desktop\GPP\a multi-feature Chrome extension using Manifest V3\node_modules\ts-loader\dist\index.js:23:5)[39m[22m

[1m[31mERROR[39m[22m in [1m./src/newtab/index.tsx[39m[22m
[1mModule build [1m[31mfailed[39m[22m[1m (from ./node_modules/ts-loader/index.js):
[1m[31mError[39m[22m[1m: TypeScript emitted no output for C:\Users\chint\Desktop\GPP\a multi-feature Chrome extension using Manifest V3\src\newtab\index.tsx.
    at makeSourceMapAndFinish (C:\Users\chint\Desktop\GPP\a multi-feature Chrome extension using Manifest V3\node_modules\ts-loader\dist\index.js:55:18)
    at successLoader (C:\Users\chint\Desktop\GPP\a multi-feature Chrome extension using Manifest V3\node_modules\ts-loader\dist\index.js:42:5)
    at Object.loader (C:\Users\chint\Desktop\GPP\a multi-feature Chrome extension using Manifest V3\node_modules\ts-loader\dist\index.js:23:5)[39m[22m

[1m[31mERROR[39m[22m in [1m./src/options/index.tsx[39m[22m
[1mModule build [1m[31mfailed[39m[22m[1m (from ./node_modules/ts-loader/index.js):
[1m[31mError[39m[22m[1m: TypeScript emitted no output for C:\Users\chint\Desktop\GPP\a multi-feature Chrome extension using Manifest V3\src\options\index.tsx.
    at makeSourceMapAndFinish (C:\Users\chint\Desktop\GPP\a multi-feature Chrome extension using Manifest V3\node_modules\ts-loader\dist\index.js:55:18)
    at successLoader (C:\Users\chint\Desktop\GPP\a multi-feature Chrome extension using Manifest V3\node_modules\ts-loader\dist\index.js:42:5)
    at Object.loader (C:\Users\chint\Desktop\GPP\a multi-feature Chrome extension using Manifest V3\node_modules\ts-loader\dist\index.js:23:5)[39m[22m

[1m[31mERROR[39m[22m in [1m./src/popup/index.tsx[39m[22m
[1mModule build [1m[31mfailed[39m[22m[1m (from ./node_modules/ts-loader/index.js):
[1m[31mError[39m[22m[1m: TypeScript emitted no output for C:\Users\chint\Desktop\GPP\a multi-feature Chrome extension using Manifest V3\src\popup\index.tsx.
    at makeSourceMapAndFinish (C:\Users\chint\Desktop\GPP\a multi-feature Chrome extension using Manifest V3\node_modules\ts-loader\dist\index.js:55:18)
    at successLoader (C:\Users\chint\Desktop\GPP\a multi-feature Chrome extension using Manifest V3\node_modules\ts-loader\dist\index.js:42:5)
    at Object.loader (C:\Users\chint\Desktop\GPP\a multi-feature Chrome extension using Manifest V3\node_modules\ts-loader\dist\index.js:23:5)[39m[22m

[1m[31mERROR[39m[22m in [1mC:\Users\chint\Desktop\GPP\a multi-feature Chrome extension using Manifest V3\src\shared\storage.ts[39m[22m
[1m[32m9:4-10[39m[22m
[1m[tsl] [1m[31mERROR[39m[22m[1m in C:\Users\chint\Desktop\GPP\a multi-feature Chrome extension using Manifest V3\src\shared\storage.ts(9,5)
      TS2322: Type '{}' is not assignable to type 'Record<string, TabSession>'.
  Index signature for type 'string' is missing in type '{}'.[39m[22m

[1m[31mERROR[39m[22m in [1mC:\Users\chint\Desktop\GPP\a multi-feature Chrome extension using Manifest V3\src\shared\storage.ts[39m[22m
[1m[32m21:4-10[39m[22m
[1m[tsl] [1m[31mERROR[39m[22m[1m in C:\Users\chint\Desktop\GPP\a multi-feature Chrome extension using Manifest V3\src\shared\storage.ts(21,5)
      TS2322: Type '{}' is not assignable to type 'string'.[39m[22m

[1m[31mERROR[39m[22m in [1mC:\Users\chint\Desktop\GPP\a multi-feature Chrome extension using Manifest V3\src\shared\storage.ts[39m[22m
[1m[32m33:4-10[39m[22m
[1m[tsl] [1m[31mERROR[39m[22m[1m in C:\Users\chint\Desktop\GPP\a multi-feature Chrome extension using Manifest V3\src\shared\storage.ts(33,5)
      TS2740: Type '{}' is missing the following properties from type 'string[]': length, pop, push, concat, and 28 more.[39m[22m

[1m[31mERROR[39m[22m in [1mC:\Users\chint\Desktop\GPP\a multi-feature Chrome extension using Manifest V3\src\shared\storage.ts[39m[22m
[1m[32m62:8-16[39m[22m
[1m[tsl] [1m[31mERROR[39m[22m[1m in C:\Users\chint\Desktop\GPP\a multi-feature Chrome extension using Manifest V3\src\shared\storage.ts(62,9)
      TS2322: Type '{}' is not assignable to type 'Record<string, TabSession>'.
  Index signature for type 'string' is missing in type '{}'.[39m[22m

[1m[31mERROR[39m[22m in [1mC:\Users\chint\Desktop\GPP\a multi-feature Chrome extension using Manifest V3\src\shared\storage.ts[39m[22m
[1m[32m63:8-13[39m[22m
[1m[tsl] [1m[31mERROR[39m[22m[1m in C:\Users\chint\Desktop\GPP\a multi-feature Chrome extension using Manifest V3\src\shared\storage.ts(63,9)
      TS2322: Type '{}' is not assignable to type 'string'.[39m[22m

[1m[31mERROR[39m[22m in [1mC:\Users\chint\Desktop\GPP\a multi-feature Chrome extension using Manifest V3\src\shared\storage.ts[39m[22m
[1m[32m64:8-20[39m[22m
[1m[tsl] [1m[31mERROR[39m[22m[1m in C:\Users\chint\Desktop\GPP\a multi-feature Chrome extension using Manifest V3\src\shared\storage.ts(64,9)
      TS2740: Type '{}' is missing the following properties from type 'string[]': length, pop, push, concat, and 28 more.[39m[22m

[1m[33m6 errors have detailed information that is not shown.
Use 'stats.errorDetails: true' resp. '--stats-error-details' to show it.[39m[22m

webpack 5.105.3 compiled with [1m[31m12 errors[39m[22m in 2058 ms
